// Jest Snapshot v1, https://goo.gl/fbAQLP

exports[`Register 2`] = `
Object {
  "data": Object {
    "register": Object {
      "user": Object {
        "avatarUrl": null,
        "createdAt": "[timestamp]",
        "firstName": "Test",
        "id": "[id]",
        "isAdmin": false,
        "isVerified": false,
        "lastName": "User",
        "updatedAt": "[timestamp]",
        "username": "testuser",
      },
    },
  },
}
`;
